dms
0 0 => 0 0
1000000000000 0 => 1000000000000 0
3141592653590 0 => 3237757371083 0
1000000000000 -99 => 2777777777778 -99
9999999999999 99 => 9999999999999 99
5000000000000 -1 => 8333333333333 -1
-5000000000000 -1 => -8333333333333 -1

idms
0 0 => 0 0
1000000000000 0 => 1000000000000 0
3141592653590 0 => 3082973355292 0
1000000000000 -99 => 1000000000000 -99?
9999999999999 99 => 9999999999999 99?
5000000000000 -1 => 3000000000000 -1
-5000000000000 -1 => -3000000000000 -1

idms dms
0 0 => 0 0
1000000000000 0 => 1000000000000 0
3141592653590 0 => 3141592653590 0
1000000000000 -99 => 1000000000000 -99
9999999999999 99 => 9999999999999 99
5000000000000 -1 => 4960000000000 -1
-5000000000000 -1 => -4960000000000 -1

dms idms
0 0 => 0 0
1000000000000 0 => 1000000000000 0
3141592653590 0 => 3141592653589 0
1000000000000 -99 => 2777777777778 -99?
9999999999999 99 => 9999999999999 99?
5000000000000 -1 => 5000000000000 -1
-5000000000000 -1 => -5000000000000 -1
