0
0
0

-0
0
-0

1
12
1234567890

0.
0.1
.1234567890

0.
0.123456789
.1234567890

0 00
0 01
0 12
0 23

0 00
0-00
0 00
0-00
-0-00

12.56 78
