0
0
0
0
0
0
0
0
0

-0
-0
-0
-0

0.
0.
0.
0.

-1.2
-1.2
-1.2
-1.2
-1.2
-1.2

.9999999999
.9999999999
.9999999999
.9999999999
.9999999999
.9999999999

9999999999
9999999999
9999999999
9999999999

1 12
1 12
1 12
1 12
1 12

1234.5678-59
1234.5678-59
1234.5678-59

0 00
0 00
0 00
0 00
0 00

-99999999.-99
-99999999.-99
-99999999.-99

-.99999999-99
-.99999999-99

1. 45
1.7 59

12345.5432
12345.5432
12345.54325

 3000000000000 00 : 3.
 3100000000000 00 : 3.1
 3140000000000 00 : 3.14
 3142000000000 00 : 3.142
 3141600000000 00 : 3.1416
 3141590000000 00 : 3.14159
 3141593000000 00 : 3.141593
 3141592700000 00 : 3.1415927
 3141592650000 00 : 3.14159265
 3141592654000 00 : 3.141592654

-0.

2. 02
