Forensics asin(acos(atan(tan(cos(sin(9)))))):
9000000000000 0 => 8999999981719 0

Deg:  sin  -720.000000 =>  0000000000000 00
Deg:  sin  -675.000000 =>  7071067811866-01
Deg:  sin  -630.000000 =>  1000000000000 00
Deg:  sin  -585.000000 =>  7071067811864-01
Deg:  sin  -540.000000 =>  0000000000000 00
Deg:  sin  -495.000000 => -7071067811867-01
Deg:  sin  -450.000000 => -1000000000000 00
Deg:  sin  -405.000000 => -7071067811863-01
Deg:  sin  -360.000000 =>  0000000000000 00
Deg:  sin  -315.000000 =>  7071067811866-01
Deg:  sin  -270.000000 =>  1000000000000 00
Deg:  sin  -225.000000 =>  7071067811864-01
Deg:  sin  -180.000000 =>  0000000000000 00
Deg:  sin  -135.000000 => -7071067811867-01
Deg:  sin   -90.000000 => -1000000000000 00
Deg:  sin   -45.000000 => -7071067811863-01
Deg:  sin     0.000000 =>  0000000000000 00
Deg:  sin    45.000000 =>  7071067811866-01
Deg:  sin    90.000000 =>  1000000000000 00
Deg:  sin   135.000000 =>  7071067811864-01
Deg:  sin   180.000000 =>  0000000000000 00
Deg:  sin   225.000000 => -7071067811867-01
Deg:  sin   270.000000 => -1000000000000 00
Deg:  sin   315.000000 => -7071067811863-01
Deg:  sin   360.000000 =>  0000000000000 00
Deg:  sin   405.000000 =>  7071067811866-01
Deg:  sin   450.000000 =>  1000000000000 00
Deg:  sin   495.000000 =>  7071067811864-01
Deg:  sin   540.000000 =>  0000000000000 00
Deg:  sin   585.000000 => -7071067811867-01
Deg:  sin   630.000000 => -1000000000000 00
Deg:  sin   675.000000 => -7071067811863-01

Deg:  cos  -720.000000 =>  1000000000000 00
Deg:  cos  -675.000000 =>  7071067811865-01
Deg:  cos  -630.000000 =>  0000000000000 00
Deg:  cos  -585.000000 => -7071067811867-01
Deg:  cos  -540.000000 => -1000000000000 00
Deg:  cos  -495.000000 => -7071067811864-01
Deg:  cos  -450.000000 =>  0000000000000 00
Deg:  cos  -405.000000 =>  7071067811868-01
Deg:  cos  -360.000000 =>  1000000000000 00
Deg:  cos  -315.000000 =>  7071067811865-01
Deg:  cos  -270.000000 =>  0000000000000 00
Deg:  cos  -225.000000 => -7071067811867-01
Deg:  cos  -180.000000 => -1000000000000 00
Deg:  cos  -135.000000 => -7071067811864-01
Deg:  cos   -90.000000 =>  0000000000000 00
Deg:  cos   -45.000000 =>  7071067811868-01
Deg:  cos     0.000000 =>  1000000000000 00
Deg:  cos    45.000000 =>  7071067811865-01
Deg:  cos    90.000000 =>  0000000000000 00
Deg:  cos   135.000000 => -7071067811867-01
Deg:  cos   180.000000 => -1000000000000 00
Deg:  cos   225.000000 => -7071067811864-01
Deg:  cos   270.000000 =>  0000000000000 00
Deg:  cos   315.000000 =>  7071067811868-01
Deg:  cos   360.000000 =>  1000000000000 00
Deg:  cos   405.000000 =>  7071067811865-01
Deg:  cos   450.000000 =>  0000000000000 00
Deg:  cos   495.000000 => -7071067811867-01
Deg:  cos   540.000000 => -1000000000000 00
Deg:  cos   585.000000 => -7071067811864-01
Deg:  cos   630.000000 =>  0000000000000 00
Deg:  cos   675.000000 =>  7071067811868-01

Deg:  tan  -720.000000 =>  0000000000000 00
Deg:  tan  -675.000000 =>  1000000000000 00
Deg:  tan  -630.000000 =>  9999999999999 99
Deg:  tan  -585.000000 => -9999999999997-01
Deg:  tan  -540.000000 =>  0000000000000 00
Deg:  tan  -495.000000 =>  1000000000001 00
Deg:  tan  -450.000000 =>  9999999999999 99
Deg:  tan  -405.000000 => -9999999999993-01
Deg:  tan  -360.000000 =>  0000000000000 00
Deg:  tan  -315.000000 =>  1000000000000 00
Deg:  tan  -270.000000 =>  9999999999999 99
Deg:  tan  -225.000000 => -9999999999997-01
Deg:  tan  -180.000000 =>  0000000000000 00
Deg:  tan  -135.000000 =>  1000000000001 00
Deg:  tan   -90.000000 =>  9999999999999 99
Deg:  tan   -45.000000 => -9999999999993-01
Deg:  tan     0.000000 =>  0000000000000 00
Deg:  tan    45.000000 =>  1000000000000 00
Deg:  tan    90.000000 =>  9999999999999 99
Deg:  tan   135.000000 => -9999999999997-01
Deg:  tan   180.000000 =>  0000000000000 00
Deg:  tan   225.000000 =>  1000000000001 00
Deg:  tan   270.000000 =>  9999999999999 99
Deg:  tan   315.000000 => -9999999999993-01
Deg:  tan   360.000000 =>  0000000000000 00
Deg:  tan   405.000000 =>  1000000000000 00
Deg:  tan   450.000000 =>  9999999999999 99
Deg:  tan   495.000000 => -9999999999997-01
Deg:  tan   540.000000 =>  0000000000000 00
Deg:  tan   585.000000 =>  1000000000001 00
Deg:  tan   630.000000 =>  9999999999999 99
Deg:  tan   675.000000 => -9999999999993-01

Grad: sin  -800.000000 =>  0000000000000 00
Grad: sin  -750.000000 =>  7071067811866-01
Grad: sin  -700.000000 =>  1000000000000 00
Grad: sin  -650.000000 =>  7071067811864-01
Grad: sin  -600.000000 =>  0000000000000 00
Grad: sin  -550.000000 => -7071067811867-01
Grad: sin  -500.000000 => -1000000000000 00
Grad: sin  -450.000000 => -7071067811863-01
Grad: sin  -400.000000 =>  0000000000000 00
Grad: sin  -350.000000 =>  7071067811866-01
Grad: sin  -300.000000 =>  1000000000000 00
Grad: sin  -250.000000 =>  7071067811864-01
Grad: sin  -200.000000 =>  0000000000000 00
Grad: sin  -150.000000 => -7071067811867-01
Grad: sin  -100.000000 => -1000000000000 00
Grad: sin   -50.000000 => -7071067811863-01
Grad: sin     0.000000 =>  0000000000000 00
Grad: sin    50.000000 =>  7071067811866-01
Grad: sin   100.000000 =>  1000000000000 00
Grad: sin   150.000000 =>  7071067811864-01
Grad: sin   200.000000 =>  0000000000000 00
Grad: sin   250.000000 => -7071067811867-01
Grad: sin   300.000000 => -1000000000000 00
Grad: sin   350.000000 => -7071067811863-01
Grad: sin   400.000000 =>  0000000000000 00
Grad: sin   450.000000 =>  7071067811866-01
Grad: sin   500.000000 =>  1000000000000 00
Grad: sin   550.000000 =>  7071067811864-01
Grad: sin   600.000000 =>  0000000000000 00
Grad: sin   650.000000 => -7071067811867-01
Grad: sin   700.000000 => -1000000000000 00
Grad: sin   750.000000 => -7071067811863-01

Grad: cos  -800.000000 =>  1000000000000 00
Grad: cos  -750.000000 =>  7071067811865-01
Grad: cos  -700.000000 =>  0000000000000 00
Grad: cos  -650.000000 => -7071067811867-01
Grad: cos  -600.000000 => -1000000000000 00
Grad: cos  -550.000000 => -7071067811864-01
Grad: cos  -500.000000 =>  0000000000000 00
Grad: cos  -450.000000 =>  7071067811868-01
Grad: cos  -400.000000 =>  1000000000000 00
Grad: cos  -350.000000 =>  7071067811865-01
Grad: cos  -300.000000 =>  0000000000000 00
Grad: cos  -250.000000 => -7071067811867-01
Grad: cos  -200.000000 => -1000000000000 00
Grad: cos  -150.000000 => -7071067811864-01
Grad: cos  -100.000000 =>  0000000000000 00
Grad: cos   -50.000000 =>  7071067811868-01
Grad: cos     0.000000 =>  1000000000000 00
Grad: cos    50.000000 =>  7071067811865-01
Grad: cos   100.000000 =>  0000000000000 00
Grad: cos   150.000000 => -7071067811867-01
Grad: cos   200.000000 => -1000000000000 00
Grad: cos   250.000000 => -7071067811864-01
Grad: cos   300.000000 =>  0000000000000 00
Grad: cos   350.000000 =>  7071067811868-01
Grad: cos   400.000000 =>  1000000000000 00
Grad: cos   450.000000 =>  7071067811865-01
Grad: cos   500.000000 =>  0000000000000 00
Grad: cos   550.000000 => -7071067811867-01
Grad: cos   600.000000 => -1000000000000 00
Grad: cos   650.000000 => -7071067811864-01
Grad: cos   700.000000 =>  0000000000000 00
Grad: cos   750.000000 =>  7071067811868-01

Grad: tan  -800.000000 =>  0000000000000 00
Grad: tan  -750.000000 =>  1000000000000 00
Grad: tan  -700.000000 =>  9999999999999 99
Grad: tan  -650.000000 => -9999999999997-01
Grad: tan  -600.000000 =>  0000000000000 00
Grad: tan  -550.000000 =>  1000000000001 00
Grad: tan  -500.000000 =>  9999999999999 99
Grad: tan  -450.000000 => -9999999999993-01
Grad: tan  -400.000000 =>  0000000000000 00
Grad: tan  -350.000000 =>  1000000000000 00
Grad: tan  -300.000000 =>  9999999999999 99
Grad: tan  -250.000000 => -9999999999997-01
Grad: tan  -200.000000 =>  0000000000000 00
Grad: tan  -150.000000 =>  1000000000001 00
Grad: tan  -100.000000 =>  9999999999999 99
Grad: tan   -50.000000 => -9999999999993-01
Grad: tan     0.000000 =>  0000000000000 00
Grad: tan    50.000000 =>  1000000000000 00
Grad: tan   100.000000 =>  9999999999999 99
Grad: tan   150.000000 => -9999999999997-01
Grad: tan   200.000000 =>  0000000000000 00
Grad: tan   250.000000 =>  1000000000001 00
Grad: tan   300.000000 =>  9999999999999 99
Grad: tan   350.000000 => -9999999999993-01
Grad: tan   400.000000 =>  0000000000000 00
Grad: tan   450.000000 =>  1000000000000 00
Grad: tan   500.000000 =>  9999999999999 99
Grad: tan   550.000000 => -9999999999997-01
Grad: tan   600.000000 =>  0000000000000 00
Grad: tan   650.000000 =>  1000000000001 00
Grad: tan   700.000000 =>  9999999999999 99
Grad: tan   750.000000 => -9999999999993-01

Rad:  sin   -12.566371 =>  1776356839400-15
Rad:  sin   -11.780972 =>  7071067811884-01
Rad:  sin   -10.995574 =>  1000000000000 00
Rad:  sin   -10.210176 =>  7071067811882-01
Rad:  sin    -9.424778 => -2077112855299-13
Rad:  sin    -8.639380 => -7071067811864-01
Rad:  sin    -7.853982 => -1000000000000 00
Rad:  sin    -7.068583 => -7071067811866-01
Rad:  sin    -6.283185 =>  0000000000000 00
Rad:  sin    -5.497787 =>  7071067811862-01
Rad:  sin    -4.712389 =>  1000000000000 00
Rad:  sin    -3.926991 =>  7071067811868-01
Rad:  sin    -3.141593 =>  0000000000000 00
Rad:  sin    -2.356194 => -7071067811864-01
Rad:  sin    -1.570796 => -1000000000000 00
Rad:  sin    -0.785398 => -7071067811863-01
Rad:  sin     0.000000 =>  0000000000000 00
Rad:  sin     0.785398 =>  7071067811866-01
Rad:  sin     1.570796 =>  1000000000000 00
Rad:  sin     2.356194 =>  7071067811861-01
Rad:  sin     3.141593 =>  0000000000000 00
Rad:  sin     3.926991 => -7071067811871-01
Rad:  sin     4.712389 => -1000000000000 00
Rad:  sin     5.497787 => -7071067811859-01
Rad:  sin     6.283185 =>  0000000000000 00
Rad:  sin     7.068583 =>  7071067811869-01
Rad:  sin     7.853982 =>  1000000000000 00
Rad:  sin     8.639380 =>  7071067811861-01
Rad:  sin     9.424778 => -2059349286905-13
Rad:  sin    10.210176 => -7071067811885-01
Rad:  sin    10.995574 => -1000000000000 00
Rad:  sin    11.780972 => -7071067811881-01

Rad:  cos   -12.566371 =>  1000000000000 00
Rad:  cos   -11.780972 =>  7071067811847-01
Rad:  cos   -10.995574 =>  4895700681727-12
Rad:  cos   -10.210176 => -7071067811849-01
Rad:  cos    -9.424778 => -1000000000000 00
Rad:  cos    -8.639380 => -7071067811867-01
Rad:  cos    -7.853982 =>  0000000000000 00
Rad:  cos    -7.068583 =>  7071067811865-01
Rad:  cos    -6.283185 =>  1000000000000 00
Rad:  cos    -5.497787 =>  7071067811869-01
Rad:  cos    -4.712389 => -1038556427650-13
Rad:  cos    -3.926991 => -7071067811863-01
Rad:  cos    -3.141593 => -1000000000000 00
Rad:  cos    -2.356194 => -7071067811867-01
Rad:  cos    -1.570796 =>  0000000000000 00
Rad:  cos    -0.785398 =>  7071067811868-01
Rad:  cos     0.000000 =>  1000000000000 00
Rad:  cos     0.785398 =>  7071067811865-01
Rad:  cos     1.570796 =>  0000000000000 00
Rad:  cos     2.356194 => -7071067811870-01
Rad:  cos     3.141593 => -1000000000000 00
Rad:  cos     3.926991 => -7071067811860-01
Rad:  cos     4.712389 =>  3097905714555-13
Rad:  cos     5.497787 =>  7071067811872-01
Rad:  cos     6.283185 =>  1000000000000 00
Rad:  cos     7.068583 =>  7071067811862-01
Rad:  cos     7.853982 => -1029674643453-13
Rad:  cos     8.639380 => -7071067811870-01
Rad:  cos     9.424778 => -1000000000000 00
Rad:  cos    10.210176 => -7071067811846-01
Rad:  cos    10.995574 =>  5309346895947-12
Rad:  cos    11.780972 =>  7071067811850-01

Rad:  tan   -12.566371 =>  1776356839400-15
Rad:  tan   -11.780972 =>  1000000000005 00
Rad:  tan   -10.995574 =>  2042608535551 11
Rad:  tan   -10.210176 => -1000000000005 00
Rad:  tan    -9.424778 =>  2077112855299-13
Rad:  tan    -8.639380 =>  9999999999995-01
Rad:  tan    -7.853982 =>  9999999999999 99
Rad:  tan    -7.068583 => -1000000000000 00
Rad:  tan    -6.283185 =>  0000000000000 00
Rad:  tan    -5.497787 =>  9999999999991-01
Rad:  tan    -4.712389 => -9628749804796 12
Rad:  tan    -3.926991 => -1000000000001 00
Rad:  tan    -3.141593 =>  0000000000000 00
Rad:  tan    -2.356194 =>  9999999999995-01
Rad:  tan    -1.570796 =>  9999999999999 99
Rad:  tan    -0.785398 => -9999999999993-01
Rad:  tan     0.000000 =>  0000000000000 00
Rad:  tan     0.785398 =>  1000000000000 00
Rad:  tan     1.570796 =>  9999999999999 99
Rad:  tan     2.356194 => -9999999999987-01
Rad:  tan     3.141593 =>  0000000000000 00
Rad:  tan     3.926991 =>  1000000000002 00
Rad:  tan     4.712389 => -3227987202134 12
Rad:  tan     5.497787 => -9999999999983-01
Rad:  tan     6.283185 =>  0000000000000 00
Rad:  tan     7.068583 =>  1000000000001 00
Rad:  tan     7.853982 => -9711805630630 12
Rad:  tan     8.639380 => -9999999999987-01
Rad:  tan     9.424778 =>  2059349286905-13
Rad:  tan    10.210176 =>  1000000000006 00
Rad:  tan    10.995574 => -1883470829083 11
Rad:  tan    11.780972 => -1000000000004 00

